The ``0-add_integer`` module
======================

Using ``add_integer``
-------------------

Importing the function from the module:
	>>> add_integer = __import__("0-add_integer").add_integer


>>> add_integer(1, 2)
3
>>> add_integer(100, -2)
98
>>> add_integer(2, 98)
100
>>> add_integer(100.3, -2)
98
>>> add_integer(4, "School")
Traceback (most recent call last):
  ...
TypeError: b must be an integer
>>> add_integer("School", 4)
Traceback (most recent call last):
  ...
TypeError: a must be an integer
